
--- Module:   /home/snikulov/work/vidstream/src/channel/src/jpeg_stream_parser.cpp (C++)
"/usr/include/c++/4.8/cstdlib"179 3 Error 129: declaration expected, identifier 'std::__int128' ignored
"/usr/include/c++/4.8/cstdlib"179 7 Error 129: declaration expected, identifier 'std::abs' ignored
"/usr/include/c++/4.8/cstdlib"179 16 Error 129: declaration expected, identifier 'std::__int128' ignored
"/usr/include/c++/4.8/cstdlib"179 19 Error 129: declaration expected, identifier 'std::__x' ignored
"/usr/include/c++/4.8/cstdlib"179 19 Error 10: Expecting identifier or other declarator
"/usr/include/boost/config/suffix.hpp"496 35 Error 10: Expecting ';'
"/usr/include/boost/config/suffix.hpp"496 46 Error 19: Useless Declaration
"/usr/include/boost/config/suffix.hpp"497 44 Error 10: Expecting ';'
"/usr/include/boost/config/suffix.hpp"497 56 Error 19: Useless Declaration
"/usr/include/boost/type_traits/is_integral.hpp"73 69 Error 40: Undeclared identifier 'int128_type'
"/usr/include/boost/type_traits/is_integral.hpp"73 69 Error 1054: template variable declaration expects a type, int assumed
"/usr/include/boost/type_traits/is_integral.hpp"73 69 Error 39: Redefinition of symbol 'boost::is_integral<int>' conflicts with line 34
"/usr/include/boost/type_traits/is_integral.hpp"34 1 Info 830: Location cited in prior message
"/usr/include/boost/type_traits/is_integral.hpp"73 69 Error 40: Undeclared identifier 'int128_type'
"/usr/include/boost/type_traits/is_integral.hpp"73 69 Error 1054: template variable declaration expects a type, int assumed
"/usr/include/boost/type_traits/is_integral.hpp"73 69 Error 39: Redefinition of symbol 'boost::is_integral<int>' conflicts with line 73
"/usr/include/boost/type_traits/is_integral.hpp"73 1 Info 830: Location cited in prior message
"/usr/include/boost/type_traits/is_integral.hpp"73 69 Error 40: Undeclared identifier 'int128_type'
"/usr/include/boost/type_traits/is_integral.hpp"73 69 Error 1054: template variable declaration expects a type, int assumed
"/usr/include/boost/type_traits/is_integral.hpp"73 69 Error 39: Redefinition of symbol 'boost::is_integral<int>' conflicts with line 73
"/usr/include/boost/type_traits/is_integral.hpp"73 1 Info 830: Location cited in prior message
"/usr/include/boost/type_traits/is_integral.hpp"73 69 Error 40: Undeclared identifier 'int128_type'
"/usr/include/boost/type_traits/is_integral.hpp"73 69 Error 1054: template variable declaration expects a type, int assumed
"/usr/include/boost/type_traits/is_integral.hpp"73 69 Error 39: Redefinition of symbol 'boost::is_integral<int>' conflicts with line 73
"/usr/include/boost/type_traits/is_integral.hpp"73 1 Info 830: Location cited in prior message
"/usr/include/boost/type_traits/is_integral.hpp"74 70 Error 40: Undeclared identifier 'uint128_type'
"/usr/include/boost/type_traits/is_integral.hpp"74 70 Error 1054: template variable declaration expects a type, int assumed
"/usr/include/boost/type_traits/is_integral.hpp"74 70 Error 39: Redefinition of symbol 'boost::is_integral<int>' conflicts with line 73
"/usr/include/boost/type_traits/is_integral.hpp"73 1 Info 830: Location cited in prior message
"/usr/include/boost/type_traits/is_integral.hpp"74 70 Error 40: Undeclared identifier 'uint128_type'
"/usr/include/boost/type_traits/is_integral.hpp"74 70 Error 1054: template variable declaration expects a type, int assumed
"/usr/include/boost/type_traits/is_integral.hpp"74 70 Error 39: Redefinition of symbol 'boost::is_integral<int>' conflicts with line 74
"/usr/include/boost/type_traits/is_integral.hpp"74 1 Info 830: Location cited in prior message
"/usr/include/boost/type_traits/is_integral.hpp"74 70 Error 40: Undeclared identifier 'uint128_type'
"/usr/include/boost/type_traits/is_integral.hpp"74 70 Error 1054: template variable declaration expects a type, int assumed
"/usr/include/boost/type_traits/is_integral.hpp"74 70 Error 39: Redefinition of symbol 'boost::is_integral<int>' conflicts with line 74
"/usr/include/boost/type_traits/is_integral.hpp"74 1 Info 830: Location cited in prior message
"/usr/include/boost/type_traits/is_integral.hpp"74 70 Error 40: Undeclared identifier 'uint128_type'
"/usr/include/boost/type_traits/is_integral.hpp"74 70 Error 1054: template variable declaration expects a type, int assumed
"/usr/include/boost/type_traits/is_integral.hpp"74 70 Error 39: Redefinition of symbol 'boost::is_integral<int>' conflicts with line 74
"/usr/include/boost/type_traits/is_integral.hpp"74 1 Info 830: Location cited in prior message

  While instantiating struct boost::concepts::requirement_<void (*)(boost::concepts::usage_requirements<boost::Integer<<1>>>)> at File /usr/include/boost/concept_check.hpp line 67
  While instantiating struct boost::mpl::if_<boost::concepts::not_satisfied<boost::concepts::usage_requirements<boost::Integer<<1>>>>,boost::concepts::constraint<boost::concepts::usage_requirements<boost::Integer<<1>>>>,boost::concepts::requirement<boost::concepts::failed ************usage_requirements::************>> at File /usr/include/boost/concept/detail/general.hpp line 56
  While instantiating struct boost::concepts::not_satisfied<boost::concepts::usage_requirements<boost::Integer<<1>>>> at File /usr/include/boost/mpl/if.hpp line 63
"/usr/include/boost/concept/detail/has_constraints.hpp"44 3 Error 1015: Symbol 'constraints' not found in class
"/usr/include/boost/mpl/if.hpp"63 1 Info 831: Reference cited in prior message
"/usr/include/boost/concept_check.hpp"67 1 Info 831: Reference cited in prior message
"/usr/include/boost/concept/detail/general.hpp"56 1 Info 831: Reference cited in prior message

"/usr/include/boost/concept/detail/has_constraints.hpp"44 3 Error 1013: Symbol 'constraints' not a member of class 'usage_requirements'

  While instantiating struct boost::concepts::requirement_<void (*)(boost::concepts::usage_requirements<boost::SignedInteger<<1>>>)> at File /usr/include/boost/concept_check.hpp line 93
  While instantiating struct boost::mpl::if_<boost::concepts::not_satisfied<boost::concepts::usage_requirements<boost::SignedInteger<<1>>>>,boost::concepts::constraint<boost::concepts::usage_requirements<boost::SignedInteger<<1>>>>,boost::concepts::requirement<boost::concepts::failed ************usage_requirements::************>> at File /usr/include/boost/concept/detail/general.hpp line 56
  While instantiating struct boost::concepts::not_satisfied<boost::concepts::usage_requirements<boost::SignedInteger<<1>>>> at File /usr/include/boost/mpl/if.hpp line 63
"/usr/include/boost/concept/detail/has_constraints.hpp"44 3 Error 1015: Symbol 'constraints' not found in class
"/usr/include/boost/mpl/if.hpp"63 1 Info 831: Reference cited in prior message
"/usr/include/boost/concept_check.hpp"93 1 Info 831: Reference cited in prior message
"/usr/include/boost/concept/detail/general.hpp"56 1 Info 831: Reference cited in prior message

"/usr/include/boost/concept/detail/has_constraints.hpp"44 3 Error 1013: Symbol 'constraints' not a member of class 'usage_requirements'

  While instantiating struct boost::concepts::requirement_<void (*)(boost::concepts::usage_requirements<boost::UnsignedInteger<<1>>>)> at File /usr/include/boost/concept_check.hpp line 110
  While instantiating struct boost::mpl::if_<boost::concepts::not_satisfied<boost::concepts::usage_requirements<boost::UnsignedInteger<<1>>>>,boost::concepts::constraint<boost::concepts::usage_requirements<boost::UnsignedInteger<<1>>>>,boost::concepts::requirement<boost::concepts::failed ************usage_requirements::************>> at File /usr/include/boost/concept/detail/general.hpp line 56
  While instantiating struct boost::concepts::not_satisfied<boost::concepts::usage_requirements<boost::UnsignedInteger<<1>>>> at File /usr/include/boost/mpl/if.hpp line 63
"/usr/include/boost/concept/detail/has_constraints.hpp"44 3 Error 1015: Symbol 'constraints' not found in class
"/usr/include/boost/mpl/if.hpp"63 1 Info 831: Reference cited in prior message
"/usr/include/boost/concept_check.hpp"110 1 Info 831: Reference cited in prior message
"/usr/include/boost/concept/detail/general.hpp"56 1 Info 831: Reference cited in prior message

"/usr/include/boost/concept/detail/has_constraints.hpp"44 3 Error 1013: Symbol 'constraints' not a member of class 'usage_requirements'

  While instantiating struct boost::concepts::requirement_<void (*)(boost::concepts::usage_requirements<boost::DefaultConstructible<<1>>>)> at File /usr/include/boost/concept_check.hpp line 132
  While instantiating struct boost::mpl::if_<boost::concepts::not_satisfied<boost::concepts::usage_requirements<boost::DefaultConstructible<<1>>>>,boost::concepts::constraint<boost::concepts::usage_requirements<boost::DefaultConstructible<<1>>>>,boost::concepts::requirement<boost::concepts::failed ************usage_requirements::************>> at File /usr/include/boost/concept/detail/general.hpp line 56
  While instantiating struct boost::concepts::not_satisfied<boost::concepts::usage_requirements<boost::DefaultConstructible<<1>>>> at File /usr/include/boost/mpl/if.hpp line 63
"/usr/include/boost/concept/detail/has_constraints.hpp"44 3 Error 1015: Symbol 'constraints' not found in class
"/usr/include/boost/mpl/if.hpp"63 1 Info 831: Reference cited in prior message
"/usr/include/boost/concept_check.hpp"132 1 Info 831: Reference cited in prior message
"/usr/include/boost/concept/detail/general.hpp"56 1 Info 831: Reference cited in prior message

"/usr/include/boost/concept/detail/has_constraints.hpp"44 3 Error 1013: Symbol 'constraints' not a member of class 'usage_requirements'

  While instantiating struct boost::concepts::requirement_<void (*)(boost::concepts::usage_requirements<boost::Assignable<<1>>>)> at File /usr/include/boost/concept_check.hpp line 140
  While instantiating struct boost::mpl::if_<boost::concepts::not_satisfied<boost::concepts::usage_requirements<boost::Assignable<<1>>>>,boost::concepts::constraint<boost::concepts::usage_requirements<boost::Assignable<<1>>>>,boost::concepts::requirement<boost::concepts::failed ************usage_requirements::************>> at File /usr/include/boost/concept/detail/general.hpp line 56
  While instantiating struct boost::concepts::not_satisfied<boost::concepts::usage_requirements<boost::Assignable<<1>>>> at File /usr/include/boost/mpl/if.hpp line 63
"/usr/include/boost/concept/detail/has_constraints.hpp"44 3 Error 1015: Symbol 'constraints' not found in class
"/usr/include/boost/mpl/if.hpp"63 1 Info 831: Reference cited in prior message
"/usr/include/boost/concept_check.hpp"140 1 Info 831: Reference cited in prior message
"/usr/include/boost/concept/detail/general.hpp"56 1 Info 831: Reference cited in prior message

"/usr/include/boost/concept/detail/has_constraints.hpp"44 3 Error 1013: Symbol 'constraints' not a member of class 'usage_requirements'

  While instantiating struct boost::concepts::requirement_<void (*)(boost::concepts::usage_requirements<boost::CopyConstructible<<1>>>)> at File /usr/include/boost/concept_check.hpp line 162
  While instantiating struct boost::mpl::if_<boost::concepts::not_satisfied<boost::concepts::usage_requirements<boost::CopyConstructible<<1>>>>,boost::concepts::constraint<boost::concepts::usage_requirements<boost::CopyConstructible<<1>>>>,boost::concepts::requirement<boost::concepts::failed ************usage_requirements::************>> at File /usr/include/boost/concept/detail/general.hpp line 56
  While instantiating struct boost::concepts::not_satisfied<boost::concepts::usage_requirements<boost::CopyConstructible<<1>>>> at File /usr/include/boost/mpl/if.hpp line 63
"/usr/include/boost/concept/detail/has_constraints.hpp"44 3 Error 1015: Symbol 'constraints' not found in class
"/usr/include/boost/mpl/if.hpp"63 1 Info 831: Reference cited in prior message
"/usr/include/boost/concept_check.hpp"162 1 Info 831: Reference cited in prior message
"/usr/include/boost/concept/detail/general.hpp"56 1 Info 831: Reference cited in prior message

"/usr/include/boost/concept/detail/has_constraints.hpp"44 3 Error 1013: Symbol 'constraints' not a member of class 'usage_requirements'

  While instantiating struct boost::concepts::requirement_<void (*)(boost::concepts::usage_requirements<boost::SGIAssignable<<1>>>)> at File /usr/include/boost/concept_check.hpp line 186
  While instantiating struct boost::mpl::if_<boost::concepts::not_satisfied<boost::concepts::usage_requirements<boost::SGIAssignable<<1>>>>,boost::concepts::constraint<boost::concepts::usage_requirements<boost::SGIAssignable<<1>>>>,boost::concepts::requirement<boost::concepts::failed ************usage_requirements::************>> at File /usr/include/boost/concept/detail/general.hpp line 56
  While instantiating struct boost::concepts::not_satisfied<boost::concepts::usage_requirements<boost::SGIAssignable<<1>>>> at File /usr/include/boost/mpl/if.hpp line 63
"/usr/include/boost/concept/detail/has_constraints.hpp"44 3 Error 1015: Symbol 'constraints' not found in class
"/usr/include/boost/mpl/if.hpp"63 1 Info 831: Reference cited in prior message
"/usr/include/boost/concept_check.hpp"186 1 Info 831: Reference cited in prior message
"/usr/include/boost/concept/detail/general.hpp"56 1 Info 831: Reference cited in prior message

"/usr/include/boost/concept/detail/has_constraints.hpp"44 3 Error 1013: Symbol 'constraints' not a member of class 'usage_requirements'

  While instantiating struct boost::concepts::requirement_<void (*)(boost::concepts::usage_requirements<boost::Convertible<<1>,<2>>>)> at File /usr/include/boost/concept_check.hpp line 211
  While instantiating struct boost::mpl::if_<boost::concepts::not_satisfied<boost::concepts::usage_requirements<boost::Convertible<<1>,<2>>>>,boost::concepts::constraint<boost::concepts::usage_requirements<boost::Convertible<<1>,<2>>>>,boost::concepts::requirement<boost::concepts::failed ************usage_requirements::************>> at File /usr/include/boost/concept/detail/general.hpp line 56
  While instantiating struct boost::concepts::not_satisfied<boost::concepts::usage_requirements<boost::Convertible<<1>,<2>>>> at File /usr/include/boost/mpl/if.hpp line 63
"/usr/include/boost/concept/detail/has_constraints.hpp"44 3 Error 1015: Symbol 'constraints' not found in class
"/usr/include/boost/mpl/if.hpp"63 1 Info 831: Reference cited in prior message
"/usr/include/boost/concept_check.hpp"211 1 Info 831: Reference cited in prior message
"/usr/include/boost/concept/detail/general.hpp"56 1 Info 831: Reference cited in prior message

"/usr/include/boost/concept/detail/has_constraints.hpp"44 3 Error 1013: Symbol 'constraints' not a member of class 'usage_requirements'

  While instantiating struct boost::concepts::requirement_<void (*)(boost::concepts::usage_requirements<boost::EqualityComparable<<1>>>)> at File /usr/include/boost/concept_check.hpp line 236
  While instantiating struct boost::mpl::if_<boost::concepts::not_satisfied<boost::concepts::usage_requirements<boost::EqualityComparable<<1>>>>,boost::concepts::constraint<boost::concepts::usage_requirements<boost::EqualityComparable<<1>>>>,boost::concepts::requirement<boost::concepts::failed ************usage_requirements::************>> at File /usr/include/boost/concept/detail/general.hpp line 56
  While instantiating struct boost::concepts::not_satisfied<boost::concepts::usage_requirements<boost::EqualityComparable<<1>>>> at File /usr/include/boost/mpl/if.hpp line 63
"/usr/include/boost/concept/detail/has_constraints.hpp"44 3 Error 1015: Symbol 'constraints' not found in class
"/usr/include/boost/mpl/if.hpp"63 1 Info 831: Reference cited in prior message
"/usr/include/boost/concept_check.hpp"236 1 Info 831: Reference cited in prior message
"/usr/include/boost/concept/detail/general.hpp"56 1 Info 831: Reference cited in prior message

"/usr/include/boost/concept/detail/has_constraints.hpp"44 3 Error 1013: Symbol 'constraints' not a member of class 'usage_requirements'

  While instantiating struct boost::concepts::requirement_<void (*)(boost::concepts::usage_requirements<boost::LessThanComparable<<1>>>)> at File /usr/include/boost/concept_check.hpp line 246
  While instantiating struct boost::mpl::if_<boost::concepts::not_satisfied<boost::concepts::usage_requirements<boost::LessThanComparable<<1>>>>,boost::concepts::constraint<boost::concepts::usage_requirements<boost::LessThanComparable<<1>>>>,boost::concepts::requirement<boost::concepts::failed ************usage_requirements::************>> at File /usr/include/boost/concept/detail/general.hpp line 56
  While instantiating struct boost::concepts::not_satisfied<boost::concepts::usage_requirements<boost::LessThanComparable<<1>>>> at File /usr/include/boost/mpl/if.hpp line 63
"/usr/include/boost/concept/detail/has_constraints.hpp"44 3 Error 1015: Symbol 'constraints' not found in class
"/usr/include/boost/mpl/if.hpp"63 1 Info 831: Reference cited in prior message
"/usr/include/boost/concept_check.hpp"246 1 Info 831: Reference cited in prior message
"/usr/include/boost/concept/detail/general.hpp"56 1 Info 831: Reference cited in prior message

"/usr/include/boost/concept/detail/has_constraints.hpp"44 3 Error 1013: Symbol 'constraints' not a member of class 'usage_requirements'

  While instantiating struct boost::concepts::requirement_<void (*)(boost::concepts::usage_requirements<boost::Comparable<<1>>>)> at File /usr/include/boost/concept_check.hpp line 256
  While instantiating struct boost::mpl::if_<boost::concepts::not_satisfied<boost::concepts::usage_requirements<boost::Comparable<<1>>>>,boost::concepts::constraint<boost::concepts::usage_requirements<boost::Comparable<<1>>>>,boost::concepts::requirement<boost::concepts::failed ************usage_requirements::************>> at File /usr/include/boost/concept/detail/general.hpp line 56
  While instantiating struct boost::concepts::not_satisfied<boost::concepts::usage_requirements<boost::Comparable<<1>>>> at File /usr/include/boost/mpl/if.hpp line 63
"/usr/include/boost/concept/detail/has_constraints.hpp"44 3 Error 1015: Symbol 'constraints' not found in class
"/usr/include/boost/mpl/if.hpp"63 1 Info 831: Reference cited in prior message
"/usr/include/boost/concept_check.hpp"256 1 Info 831: Reference cited in prior message
"/usr/include/boost/concept/detail/general.hpp"56 1 Info 831: Reference cited in prior message

"/usr/include/boost/concept/detail/has_constraints.hpp"44 3 Error 1013: Symbol 'constraints' not a member of class 'usage_requirements'

  While instantiating struct boost::concepts::requirement_<void (*)(boost::concepts::usage_requirements<boost::EqualOp<<1>,<2>>>)> at File /usr/include/boost/concept_check.hpp line 286
  While instantiating struct boost::mpl::if_<boost::concepts::not_satisfied<boost::concepts::usage_requirements<boost::EqualOp<<1>,<2>>>>,boost::concepts::constraint<boost::concepts::usage_requirements<boost::EqualOp<<1>,<2>>>>,boost::concepts::requirement<boost::concepts::failed ************usage_requirements::************>> at File /usr/include/boost/concept/detail/general.hpp line 56
  While instantiating struct boost::concepts::not_satisfied<boost::concepts::usage_requirements<boost::EqualOp<<1>,<2>>>> at File /usr/include/boost/mpl/if.hpp line 63
"/usr/include/boost/concept/detail/has_constraints.hpp"44 58 Error 1015: Symbol 'constraints' not found in class
"/usr/include/boost/mpl/if.hpp"63 1 Info 831: Reference cited in prior message
"/usr/include/boost/concept_check.hpp"286 1 Info 831: Reference cited in prior message
"/usr/include/boost/concept/detail/general.hpp"56 1 Info 831: Reference cited in prior message

"/usr/include/boost/concept/detail/has_constraints.hpp"44 58 Error 1013: Symbol 'constraints' not a member of class 'usage_requirements'

  While instantiating struct boost::concepts::requirement_<void (*)(boost::concepts::usage_requirements<boost::NotEqualOp<<1>,<2>>>)> at File /usr/include/boost/concept_check.hpp line 287
  While instantiating struct boost::mpl::if_<boost::concepts::not_satisfied<boost::concepts::usage_requirements<boost::NotEqualOp<<1>,<2>>>>,boost::concepts::constraint<boost::concepts::usage_requirements<boost::NotEqualOp<<1>,<2>>>>,boost::concepts::requirement<boost::concepts::failed ************usage_requirements::************>> at File /usr/include/boost/concept/detail/general.hpp line 56
  While instantiating struct boost::concepts::not_satisfied<boost::concepts::usage_requirements<boost::NotEqualOp<<1>,<2>>>> at File /usr/include/boost/mpl/if.hpp line 63
"/usr/include/boost/concept/detail/has_constraints.hpp"44 61 Error 1015: Symbol 'constraints' not found in class
"/usr/include/boost/mpl/if.hpp"63 1 Info 831: Reference cited in prior message
"/usr/include/boost/concept_check.hpp"287 1 Info 831: Reference cited in prior message
"/usr/include/boost/concept/detail/general.hpp"56 1 Info 831: Reference cited in prior message

"/usr/include/boost/concept/detail/has_constraints.hpp"44 61 Error 1013: Symbol 'constraints' not a member of class 'usage_requirements'

  While instantiating struct boost::concepts::requirement_<void (*)(boost::concepts::usage_requirements<boost::LessThanOp<<1>,<2>>>)> at File /usr/include/boost/concept_check.hpp line 288
  While instantiating struct boost::mpl::if_<boost::concepts::not_satisfied<boost::concepts::usage_requirements<boost::LessThanOp<<1>,<2>>>>,boost::concepts::constraint<boost::concepts::usage_requirements<boost::LessThanOp<<1>,<2>>>>,boost::concepts::requirement<boost::concepts::failed ************usage_requirements::************>> at File /usr/include/boost/concept/detail/general.hpp line 56
  While instantiating struct boost::concepts::not_satisfied<boost::concepts::usage_requirements<boost::LessThanOp<<1>,<2>>>> at File /usr/include/boost/mpl/if.hpp line 63
"/usr/include/boost/concept/detail/has_constraints.hpp"44 60 Error 1015: Symbol 'constraints' not found in class
"/usr/include/boost/mpl/if.hpp"63 1 Info 831: Reference cited in prior message
"/usr/include/boost/concept_check.hpp"288 1 Info 831: Reference cited in prior message
"/usr/include/boost/concept/detail/general.hpp"56 1 Info 831: Reference cited in prior message

"/usr/include/boost/concept/detail/has_constraints.hpp"44 60 Error 1013: Symbol 'constraints' not a member of class 'usage_requirements'

  While instantiating struct boost::concepts::requirement_<void (*)(boost::concepts::usage_requirements<boost::LessEqualOp<<1>,<2>>>)> at File /usr/include/boost/concept_check.hpp line 289
  While instantiating struct boost::mpl::if_<boost::concepts::not_satisfied<boost::concepts::usage_requirements<boost::LessEqualOp<<1>,<2>>>>,boost::concepts::constraint<boost::concepts::usage_requirements<boost::LessEqualOp<<1>,<2>>>>,boost::concepts::requirement<boost::concepts::failed ************usage_requirements::************>> at File /usr/include/boost/concept/detail/general.hpp line 56
  While instantiating struct boost::concepts::not_satisfied<boost::concepts::usage_requirements<boost::LessEqualOp<<1>,<2>>>> at File /usr/include/boost/mpl/if.hpp line 63
"/usr/include/boost/concept/detail/has_constraints.hpp"44 62 Error 1015: Symbol 'constraints' not found in class
"/usr/include/boost/mpl/if.hpp"63 1 Info 831: Reference cited in prior message
"/usr/include/boost/concept_check.hpp"289 1 Info 831: Reference cited in prior message
"/usr/include/boost/concept/detail/general.hpp"56 1 Info 831: Reference cited in prior message

"/usr/include/boost/concept/detail/has_constraints.hpp"44 62 Error 1013: Symbol 'constraints' not a member of class 'usage_requirements'

  While instantiating struct boost::concepts::requirement_<void (*)(boost::concepts::usage_requirements<boost::GreaterThanOp<<1>,<2>>>)> at File /usr/include/boost/concept_check.hpp line 290
  While instantiating struct boost::mpl::if_<boost::concepts::not_satisfied<boost::concepts::usage_requirements<boost::GreaterThanOp<<1>,<2>>>>,boost::concepts::constraint<boost::concepts::usage_requirements<boost::GreaterThanOp<<1>,<2>>>>,boost::concepts::requirement<boost::concepts::failed ************usage_requirements::************>> at File /usr/include/boost/concept/detail/general.hpp line 56
  While instantiating struct boost::concepts::not_satisfied<boost::concepts::usage_requirements<boost::GreaterThanOp<<1>,<2>>>> at File /usr/include/boost/mpl/if.hpp line 63
"/usr/include/boost/concept/detail/has_constraints.hpp"44 63 Error 1015: Symbol 'constraints' not found in class
"/usr/include/boost/mpl/if.hpp"63 1 Info 831: Reference cited in prior message
"/usr/include/boost/concept_check.hpp"290 1 Info 831: Reference cited in prior message
"/usr/include/boost/concept/detail/general.hpp"56 1 Info 831: Reference cited in prior message

"/usr/include/boost/concept/detail/has_constraints.hpp"44 63 Error 1013: Symbol 'constraints' not a member of class 'usage_requirements'

  While instantiating struct boost::concepts::requirement_<void (*)(boost::concepts::usage_requirements<boost::GreaterEqualOp<<1>,<2>>>)> at File /usr/include/boost/concept_check.hpp line 291
  While instantiating struct boost::mpl::if_<boost::concepts::not_satisfied<boost::concepts::usage_requirements<boost::GreaterEqualOp<<1>,<2>>>>,boost::concepts::constraint<boost::concepts::usage_requirements<boost::GreaterEqualOp<<1>,<2>>>>,boost::concepts::requirement<boost::concepts::failed ************usage_requirements::************>> at File /usr/include/boost/concept/detail/general.hpp line 56
  While instantiating struct boost::concepts::not_satisfied<boost::concepts::usage_requirements<boost::GreaterEqualOp<<1>,<2>>>> at File /usr/include/boost/mpl/if.hpp line 63
"/usr/include/boost/concept/detail/has_constraints.hpp"44 65 Error 1015: Symbol 'constraints' not found in class
"/usr/include/boost/mpl/if.hpp"63 1 Info 831: Reference cited in prior message
"/usr/include/boost/concept_check.hpp"291 1 Info 831: Reference cited in prior message
"/usr/include/boost/concept/detail/general.hpp"56 1 Info 831: Reference cited in prior message

"/usr/include/boost/concept/detail/has_constraints.hpp"44 65 Error 1013: Symbol 'constraints' not a member of class 'usage_requirements'

  While instantiating struct boost::concepts::requirement_<void (*)(boost::concepts::usage_requirements<boost::PlusOp<<1>,<2>,<3>>>)> at File /usr/include/boost/concept_check.hpp line 293
  While instantiating struct boost::mpl::if_<boost::concepts::not_satisfied<boost::concepts::usage_requirements<boost::PlusOp<<1>,<2>,<3>>>>,boost::concepts::constraint<boost::concepts::usage_requirements<boost::PlusOp<<1>,<2>,<3>>>>,boost::concepts::requirement<boost::concepts::failed ************usage_requirements::************>> at File /usr/include/boost/concept/detail/general.hpp line 56
  While instantiating struct boost::concepts::not_satisfied<boost::concepts::usage_requirements<boost::PlusOp<<1>,<2>,<3>>>> at File /usr/include/boost/mpl/if.hpp line 63
"/usr/include/boost/concept/detail/has_constraints.hpp"44 52 Error 1015: Symbol 'constraints' not found in class
"/usr/include/boost/mpl/if.hpp"63 1 Info 831: Reference cited in prior message
"/usr/include/boost/concept_check.hpp"293 1 Info 831: Reference cited in prior message
"/usr/include/boost/concept/detail/general.hpp"56 1 Info 831: Reference cited in prior message

"/usr/include/boost/concept/detail/has_constraints.hpp"44 52 Error 1013: Symbol 'constraints' not a member of class 'usage_requirements'

  While instantiating struct boost::concepts::requirement_<void (*)(boost::concepts::usage_requirements<boost::TimesOp<<1>,<2>,<3>>>)> at File /usr/include/boost/concept_check.hpp line 294
  While instantiating struct boost::mpl::if_<boost::concepts::not_satisfied<boost::concepts::usage_requirements<boost::TimesOp<<1>,<2>,<3>>>>,boost::concepts::constraint<boost::concepts::usage_requirements<boost::TimesOp<<1>,<2>,<3>>>>,boost::concepts::requirement<boost::concepts::failed ************usage_requirements::************>> at File /usr/include/boost/concept/detail/general.hpp line 56
  While instantiating struct boost::concepts::not_satisfied<boost::concepts::usage_requirements<boost::TimesOp<<1>,<2>,<3>>>> at File /usr/include/boost/mpl/if.hpp line 63
"/usr/include/boost/concept/detail/has_constraints.hpp"44 53 Error 1015: Symbol 'constraints' not found in class
"/usr/include/boost/mpl/if.hpp"63 1 Info 831: Reference cited in prior message
"/usr/include/boost/concept_check.hpp"294 1 Info 831: Reference cited in prior message
"/usr/include/boost/concept/detail/general.hpp"56 1 Info 831: Reference cited in prior message

"/usr/include/boost/concept/detail/has_constraints.hpp"44 53 Error 1013: Symbol 'constraints' not a member of class 'usage_requirements'

  While instantiating struct boost::concepts::requirement_<void (*)(boost::concepts::usage_requirements<boost::DivideOp<<1>,<2>,<3>>>)> at File /usr/include/boost/concept_check.hpp line 295
  While instantiating struct boost::mpl::if_<boost::concepts::not_satisfied<boost::concepts::usage_requirements<boost::DivideOp<<1>,<2>,<3>>>>,boost::concepts::constraint<boost::concepts::usage_requirements<boost::DivideOp<<1>,<2>,<3>>>>,boost::concepts::requirement<boost::concepts::failed ************usage_requirements::************>> at File /usr/include/boost/concept/detail/general.hpp line 56
  While instantiating struct boost::concepts::not_satisfied<boost::concepts::usage_requirements<boost::DivideOp<<1>,<2>,<3>>>> at File /usr/include/boost/mpl/if.hpp line 63
"/usr/include/boost/concept/detail/has_constraints.hpp"44 54 Error 1015: Symbol 'constraints' not found in class
"/usr/include/boost/mpl/if.hpp"63 1 Info 831: Reference cited in prior message
"/usr/include/boost/concept_check.hpp"295 1 Info 831: Reference cited in prior message
"/usr/include/boost/concept/detail/general.hpp"56 1 Info 831: Reference cited in prior message

"/usr/include/boost/concept/detail/has_constraints.hpp"44 54 Error 1013: Symbol 'constraints' not a member of class 'usage_requirements'

  While instantiating struct boost::concepts::requirement_<void (*)(boost::concepts::usage_requirements<boost::SubtractOp<<1>,<2>,<3>>>)> at File /usr/include/boost/concept_check.hpp line 296
  While instantiating struct boost::mpl::if_<boost::concepts::not_satisfied<boost::concepts::usage_requirements<boost::SubtractOp<<1>,<2>,<3>>>>,boost::concepts::constraint<boost::concepts::usage_requirements<boost::SubtractOp<<1>,<2>,<3>>>>,boost::concepts::requirement<boost::concepts::failed ************usage_requirements::************>> at File /usr/include/boost/concept/detail/general.hpp line 56
  While instantiating struct boost::concepts::not_satisfied<boost::concepts::usage_requirements<boost::SubtractOp<<1>,<2>,<3>>>> at File /usr/include/boost/mpl/if.hpp line 63
"/usr/include/boost/concept/detail/has_constraints.hpp"44 56 Error 1015: Symbol 'constraints' not found in class
"/usr/include/boost/mpl/if.hpp"63 1 Info 831: Reference cited in prior message
"/usr/include/boost/concept_check.hpp"296 1 Info 831: Reference cited in prior message
"/usr/include/boost/concept/detail/general.hpp"56 1 Info 831: Reference cited in prior message

"/usr/include/boost/concept/detail/has_constraints.hpp"44 56 Error 1013: Symbol 'constraints' not a member of class 'usage_requirements'

  While instantiating struct boost::concepts::requirement_<void (*)(boost::concepts::usage_requirements<boost::ModOp<<1>,<2>,<3>>>)> at File /usr/include/boost/concept_check.hpp line 297
  While instantiating struct boost::mpl::if_<boost::concepts::not_satisfied<boost::concepts::usage_requirements<boost::ModOp<<1>,<2>,<3>>>>,boost::concepts::constraint<boost::concepts::usage_requirements<boost::ModOp<<1>,<2>,<3>>>>,boost::concepts::requirement<boost::concepts::failed ************usage_requirements::************>> at File /usr/include/boost/concept/detail/general.hpp line 56
  While instantiating struct boost::concepts::not_satisfied<boost::concepts::usage_requirements<boost::ModOp<<1>,<2>,<3>>>> at File /usr/include/boost/mpl/if.hpp line 63
"/usr/include/boost/concept/detail/has_constraints.hpp"44 51 Error 1015: Symbol 'constraints' not found in class
"/usr/include/boost/mpl/if.hpp"63 1 Info 831: Reference cited in prior message
"/usr/include/boost/concept_check.hpp"297 1 Info 831: Reference cited in prior message
"/usr/include/boost/concept/detail/general.hpp"56 1 Info 831: Reference cited in prior message

"/usr/include/boost/concept/detail/has_constraints.hpp"44 51 Error 1013: Symbol 'constraints' not a member of class 'usage_requirements'

  While instantiating struct boost::concepts::requirement_<void (*)(boost::concepts::usage_requirements<boost::Generator<<1>,<2>>>)> at File /usr/include/boost/concept_check.hpp line 304
  While instantiating struct boost::mpl::if_<boost::concepts::not_satisfied<boost::concepts::usage_requirements<boost::Generator<<1>,<2>>>>,boost::concepts::constraint<boost::concepts::usage_requirements<boost::Generator<<1>,<2>>>>,boost::concepts::requirement<boost::concepts::failed ************usage_requirements::************>> at File /usr/include/boost/concept/detail/general.hpp line 56
  While instantiating struct boost::concepts::not_satisfied<boost::concepts::usage_requirements<boost::Generator<<1>,<2>>>> at File /usr/include/boost/mpl/if.hpp line 63
"/usr/include/boost/concept/detail/has_constraints.hpp"44 3 Error 1015: Symbol 'constraints' not found in class
"/usr/include/boost/mpl/if.hpp"63 1 Info 831: Reference cited in prior message
"/usr/include/boost/concept_check.hpp"304 1 Info 831: Reference cited in prior message
"/usr/include/boost/concept/detail/general.hpp"56 1 Info 831: Reference cited in prior message

"/usr/include/boost/concept/detail/has_constraints.hpp"44 3 Error 1013: Symbol 'constraints' not a member of class 'usage_requirements'

  While instantiating struct boost::concepts::requirement_<void (*)(boost::concepts::usage_requirements<boost::UnaryFunction<<1>,<2>,<3>>>)> at File /usr/include/boost/concept_check.hpp line 324
  While instantiating struct boost::mpl::if_<boost::concepts::not_satisfied<boost::concepts::usage_requirements<boost::UnaryFunction<<1>,<2>,<3>>>>,boost::concepts::constraint<boost::concepts::usage_requirements<boost::UnaryFunction<<1>,<2>,<3>>>>,boost::concepts::requirement<boost::concepts::failed ************usage_requirements::************>> at File /usr/include/boost/concept/detail/general.hpp line 56
  While instantiating struct boost::concepts::not_satisfied<boost::concepts::usage_requirements<boost::UnaryFunction<<1>,<2>,<3>>>> at File /usr/include/boost/mpl/if.hpp line 63
"/usr/include/boost/concept/detail/has_constraints.hpp"44 3 Error 1015: Symbol 'constraints' not found in class
"/usr/include/boost/mpl/if.hpp"63 1 Info 831: Reference cited in prior message
"/usr/include/boost/concept_check.hpp"324 1 Info 831: Reference cited in prior message
"/usr/include/boost/concept/detail/general.hpp"56 1 Info 831: Reference cited in prior message

"/usr/include/boost/concept/detail/has_constraints.hpp"44 3 Error 1013: Symbol 'constraints' not a member of class 'usage_requirements'

  While instantiating struct boost::concepts::requirement_<void (*)(boost::concepts::usage_requirements<boost::BinaryFunction<<1>,<2>,<3>,<4>>>)> at File /usr/include/boost/concept_check.hpp line 354
  While instantiating struct boost::mpl::if_<boost::concepts::not_satisfied<boost::concepts::usage_requirements<boost::BinaryFunction<<1>,<2>,<3>,<4>>>>,boost::concepts::constraint<boost::concepts::usage_requirements<boost::BinaryFunction<<1>,<2>,<3>,<4>>>>,boost::concepts::requirement<boost::concepts::failed ************usage_requirements::************>> at File /usr/include/boost/concept/detail/general.hpp line 56
  While instantiating struct boost::concepts::not_satisfied<boost::concepts::usage_requirements<boost::BinaryFunction<<1>,<2>,<3>,<4>>>> at File /usr/include/boost/mpl/if.hpp line 63
"/usr/include/boost/concept/detail/has_constraints.hpp"44 3 Error 1015: Symbol 'constraints' not found in class
"/usr/include/boost/mpl/if.hpp"63 1 Info 831: Reference cited in prior message
"/usr/include/boost/concept_check.hpp"354 1 Info 831: Reference cited in prior message
"/usr/include/boost/concept/detail/general.hpp"56 1 Info 831: Reference cited in prior message

"/usr/include/boost/concept/detail/has_constraints.hpp"44 3 Error 1013: Symbol 'constraints' not a member of class 'usage_requirements'

  While instantiating struct boost::concepts::requirement_<void (*)(boost::concepts::usage_requirements<boost::UnaryPredicate<<1>,<2>>>)> at File /usr/include/boost/concept_check.hpp line 384
  While instantiating struct boost::mpl::if_<boost::concepts::not_satisfied<boost::concepts::usage_requirements<boost::UnaryPredicate<<1>,<2>>>>,boost::concepts::constraint<boost::concepts::usage_requirements<boost::UnaryPredicate<<1>,<2>>>>,boost::concepts::requirement<boost::concepts::failed ************usage_requirements::************>> at File /usr/include/boost/concept/detail/general.hpp line 56
  While instantiating struct boost::concepts::not_satisfied<boost::concepts::usage_requirements<boost::UnaryPredicate<<1>,<2>>>> at File /usr/include/boost/mpl/if.hpp line 63
"/usr/include/boost/concept/detail/has_constraints.hpp"44 3 Error 1015: Symbol 'constraints' not found in class
"/usr/include/boost/mpl/if.hpp"63 1 Info 831: Reference cited in prior message
"/usr/include/boost/concept_check.hpp"384 1 Info 831: Reference cited in prior message
"/usr/include/boost/concept/detail/general.hpp"56 1 Info 831: Reference cited in prior message

"/usr/include/boost/concept/detail/has_constraints.hpp"44 3 Error 1013: Symbol 'constraints' not a member of class 'usage_requirements'

  While instantiating struct boost::concepts::requirement_<void (*)(boost::concepts::usage_requirements<boost::BinaryPredicate<<1>,<2>,<3>>>)> at File /usr/include/boost/concept_check.hpp line 403
  While instantiating struct boost::mpl::if_<boost::concepts::not_satisfied<boost::concepts::usage_requirements<boost::BinaryPredicate<<1>,<2>,<3>>>>,boost::concepts::constraint<boost::concepts::usage_requirements<boost::BinaryPredicate<<1>,<2>,<3>>>>,boost::concepts::requirement<boost::concepts::failed ************usage_requirements::************>> at File /usr/include/boost/concept/detail/general.hpp line 56
  While instantiating struct boost::concepts::not_satisfied<boost::concepts::usage_requirements<boost::BinaryPredicate<<1>,<2>,<3>>>> at File /usr/include/boost/mpl/if.hpp line 63
"/usr/include/boost/concept/detail/has_constraints.hpp"44 3 Error 1015: Symbol 'constraints' not found in class
"/usr/include/boost/mpl/if.hpp"63 1 Info 831: Reference cited in prior message
"/usr/include/boost/concept_check.hpp"403 1 Info 831: Reference cited in prior message
"/usr/include/boost/concept/detail/general.hpp"56 1 Info 831: Reference cited in prior message

"/usr/include/boost/concept/detail/has_constraints.hpp"44 3 Error 1013: Symbol 'constraints' not a member of class 'usage_requirements'

  While instantiating struct boost::concepts::requirement_<void (*)(boost::concepts::usage_requirements<boost::Const_BinaryPredicate<<1>,<2>,<3>>>)> at File /usr/include/boost/concept_check.hpp line 424
  While instantiating struct boost::mpl::if_<boost::concepts::not_satisfied<boost::concepts::usage_requirements<boost::Const_BinaryPredicate<<1>,<2>,<3>>>>,boost::concepts::constraint<boost::concepts::usage_requirements<boost::Const_BinaryPredicate<<1>,<2>,<3>>>>,boost::concepts::requirement<boost::concepts::failed ************usage_requirements::************>> at File /usr/include/boost/concept/detail/general.hpp line 56
  While instantiating struct boost::concepts::not_satisfied<boost::concepts::usage_requirements<boost::Const_BinaryPredicate<<1>,<2>,<3>>>> at File /usr/include/boost/mpl/if.hpp line 63
"/usr/include/boost/concept/detail/has_constraints.hpp"44 3 Error 1015: Symbol 'constraints' not found in class
"/usr/include/boost/mpl/if.hpp"63 1 Info 831: Reference cited in prior message
"/usr/include/boost/concept_check.hpp"424 1 Info 831: Reference cited in prior message
"/usr/include/boost/concept/detail/general.hpp"56 1 Info 831: Reference cited in prior message

"/usr/include/boost/concept/detail/has_constraints.hpp"44 3 Error 1013: Symbol 'constraints' not a member of class 'usage_requirements'

  While instantiating struct boost::concepts::requirement_<void (*)(boost::concepts::usage_requirements<boost::AdaptableGenerator<<1>,<2>>>)> at File /usr/include/boost/concept_check.hpp line 451
  While instantiating struct boost::mpl::if_<boost::concepts::not_satisfied<boost::concepts::usage_requirements<boost::AdaptableGenerator<<1>,<2>>>>,boost::concepts::constraint<boost::concepts::usage_requirements<boost::AdaptableGenerator<<1>,<2>>>>,boost::concepts::requirement<boost::concepts::failed ************usage_requirements::************>> at File /usr/include/boost/concept/detail/general.hpp line 56
  While instantiating struct boost::concepts::not_satisfied<boost::concepts::usage_requirements<boost::AdaptableGenerator<<1>,<2>>>> at File /usr/include/boost/mpl/if.hpp line 63
"/usr/include/boost/concept/detail/has_constraints.hpp"44 3 Error 1015: Symbol 'constraints' not found in class
"/usr/include/boost/mpl/if.hpp"63 1 Info 831: Reference cited in prior message
"/usr/include/boost/concept_check.hpp"451 1 Info 831: Reference cited in prior message
"/usr/include/boost/concept/detail/general.hpp"56 1 Info 831: Reference cited in prior message

"/usr/include/boost/concept/detail/has_constraints.hpp"44 3 Error 1013: Symbol 'constraints' not a member of class 'usage_requirements'

  While instantiating struct boost::concepts::requirement_<void (*)(boost::concepts::usage_requirements<boost::InputIterator<<1>>>)> at File /usr/include/boost/concept_check.hpp line 515
  While instantiating struct boost::mpl::if_<boost::concepts::not_satisfied<boost::concepts::usage_requirements<boost::InputIterator<<1>>>>,boost::concepts::constraint<boost::concepts::usage_requirements<boost::InputIterator<<1>>>>,boost::concepts::requirement<boost::concepts::failed ************usage_requirements::************>> at File /usr/include/boost/concept/detail/general.hpp line 56
  While instantiating struct boost::concepts::not_satisfied<boost::concepts::usage_requirements<boost::InputIterator<<1>>>> at File /usr/include/boost/mpl/if.hpp line 63
"/usr/include/boost/concept/detail/has_constraints.hpp"44 3 Error 1015: Symbol 'constraints' not found in class
"/usr/include/boost/mpl/if.hpp"63 1 Info 831: Reference cited in prior message
"/usr/include/boost/concept_check.hpp"515 1 Info 831: Reference cited in prior message
"/usr/include/boost/concept/detail/general.hpp"56 1 Info 831: Reference cited in prior message

"/usr/include/boost/concept/detail/has_constraints.hpp"44 3 Error 1013: Symbol 'constraints' not a member of class 'usage_requirements'

  While instantiating struct boost::concepts::requirement_<void (*)(boost::concepts::usage_requirements<boost::OutputIterator<<1>,<2>>>)> at File /usr/include/boost/concept_check.hpp line 532
  While instantiating struct boost::mpl::if_<boost::concepts::not_satisfied<boost::concepts::usage_requirements<boost::OutputIterator<<1>,<2>>>>,boost::concepts::constraint<boost::concepts::usage_requirements<boost::OutputIterator<<1>,<2>>>>,boost::concepts::requirement<boost::concepts::failed ************usage_requirements::************>> at File /usr/include/boost/concept/detail/general.hpp line 56
  While instantiating struct boost::concepts::not_satisfied<boost::concepts::usage_requirements<boost::OutputIterator<<1>,<2>>>> at File /usr/include/boost/mpl/if.hpp line 63
"/usr/include/boost/concept/detail/has_constraints.hpp"44 3 Error 1015: Symbol 'constraints' not found in class
"/usr/include/boost/mpl/if.hpp"63 1 Info 831: Reference cited in prior message
"/usr/include/boost/concept_check.hpp"532 1 Info 831: Reference cited in prior message
"/usr/include/boost/concept/detail/general.hpp"56 1 Info 831: Reference cited in prior message

"/usr/include/boost/concept/detail/has_constraints.hpp"44 3 Error 1013: Symbol 'constraints' not a member of class 'usage_requirements'

  While instantiating struct boost::concepts::requirement_<void (*)(boost::concepts::usage_requirements<boost::ForwardIterator<<1>>>)> at File /usr/include/boost/concept_check.hpp line 546
  While instantiating struct boost::mpl::if_<boost::concepts::not_satisfied<boost::concepts::usage_requirements<boost::ForwardIterator<<1>>>>,boost::concepts::constraint<boost::concepts::usage_requirements<boost::ForwardIterator<<1>>>>,boost::concepts::requirement<boost::concepts::failed ************usage_requirements::************>> at File /usr/include/boost/concept/detail/general.hpp line 56
  While instantiating struct boost::concepts::not_satisfied<boost::concepts::usage_requirements<boost::ForwardIterator<<1>>>> at File /usr/include/boost/mpl/if.hpp line 63
"/usr/include/boost/concept/detail/has_constraints.hpp"44 3 Error 1015: Symbol 'constraints' not found in class
"/usr/include/boost/mpl/if.hpp"63 1 Info 831: Reference cited in prior message
"/usr/include/boost/concept_check.hpp"546 1 Info 831: Reference cited in prior message
"/usr/include/boost/concept/detail/general.hpp"56 1 Info 831: Reference cited in prior message

"/usr/include/boost/concept/detail/has_constraints.hpp"44 3 Error 1013: Symbol 'constraints' not a member of class 'usage_requirements'

  While instantiating struct boost::concepts::requirement_<void (*)(boost::concepts::usage_requirements<boost::Mutable_ForwardIterator<<1>>>)> at File /usr/include/boost/concept_check.hpp line 564
  While instantiating struct boost::mpl::if_<boost::concepts::not_satisfied<boost::concepts::usage_requirements<boost::Mutable_ForwardIterator<<1>>>>,boost::concepts::constraint<boost::concepts::usage_requirements<boost::Mutable_ForwardIterator<<1>>>>,boost::concepts::requirement<boost::concepts::failed ************usage_requirements::************>> at File /usr/include/boost/concept/detail/general.hpp line 56
  While instantiating struct boost::concepts::not_satisfied<boost::concepts::usage_requirements<boost::Mutable_ForwardIterator<<1>>>> at File /usr/include/boost/mpl/if.hpp line 63
"/usr/include/boost/concept/detail/has_constraints.hpp"44 3 Error 1015: Symbol 'constraints' not found in class
"/usr/include/boost/mpl/if.hpp"63 1 Info 831: Reference cited in prior message
"/usr/include/boost/concept_check.hpp"564 1 Info 831: Reference cited in prior message
"/usr/include/boost/concept/detail/general.hpp"56 1 Info 831: Reference cited in prior message

"/usr/include/boost/concept/detail/has_constraints.hpp"44 3 Error 1013: Symbol 'constraints' not a member of class 'usage_requirements'

  While instantiating struct boost::concepts::requirement_<void (*)(boost::concepts::usage_requirements<boost::BidirectionalIterator<<1>>>)> at File /usr/include/boost/concept_check.hpp line 574
  While instantiating struct boost::mpl::if_<boost::concepts::not_satisfied<boost::concepts::usage_requirements<boost::BidirectionalIterator<<1>>>>,boost::concepts::constraint<boost::concepts::usage_requirements<boost::BidirectionalIterator<<1>>>>,boost::concepts::requirement<boost::concepts::failed ************usage_requirements::************>> at File /usr/include/boost/concept/detail/general.hpp line 56
  While instantiating struct boost::concepts::not_satisfied<boost::concepts::usage_requirements<boost::BidirectionalIterator<<1>>>> at File /usr/include/boost/mpl/if.hpp line 63
"/usr/include/boost/concept/detail/has_constraints.hpp"44 3 Error 1015: Symbol 'constraints' not found in class
"/usr/include/boost/mpl/if.hpp"63 1 Info 831: Reference cited in prior message
"/usr/include/boost/concept_check.hpp"574 1 Info 831: Reference cited in prior message
"/usr/include/boost/concept/detail/general.hpp"56 1 Info 831: Reference cited in prior message

"/usr/include/boost/concept/detail/has_constraints.hpp"44 3 Error 1013: Symbol 'constraints' not a member of class 'usage_requirements'

  While instantiating struct boost::concepts::requirement_<void (*)(boost::concepts::usage_requirements<boost::Mutable_BidirectionalIterator<<1>>>)> at File /usr/include/boost/concept_check.hpp line 592
  While instantiating struct boost::mpl::if_<boost::concepts::not_satisfied<boost::concepts::usage_requirements<boost::Mutable_BidirectionalIterator<<1>>>>,boost::concepts::constraint<boost::concepts::usage_requirements<boost::Mutable_BidirectionalIterator<<1>>>>,boost::concepts::requirement<boost::concepts::failed ************usage_requirements::************>> at File /usr/include/boost/concept/detail/general.hpp line 56
  While instantiating struct boost::concepts::not_satisfied<boost::concepts::usage_requirements<boost::Mutable_BidirectionalIterator<<1>>>> at File /usr/include/boost/mpl/if.hpp line 63
"/usr/include/boost/concept/detail/has_constraints.hpp"44 3 Error 1015: Symbol 'constraints' not found in class
"/usr/include/boost/mpl/if.hpp"63 1 Info 831: Reference cited in prior message
"/usr/include/boost/concept_check.hpp"592 1 Info 831: Reference cited in prior message
"/usr/include/boost/concept/detail/general.hpp"56 1 Info 831: Reference cited in prior message

"/usr/include/boost/concept/detail/has_constraints.hpp"44 3 Error 1013: Symbol 'constraints' not a member of class 'usage_requirements'

  While instantiating struct boost::concepts::requirement_<void (*)(boost::concepts::usage_requirements<boost::RandomAccessIterator<<1>>>)> at File /usr/include/boost/concept_check.hpp line 604
  While instantiating struct boost::mpl::if_<boost::concepts::not_satisfied<boost::concepts::usage_requirements<boost::RandomAccessIterator<<1>>>>,boost::concepts::constraint<boost::concepts::usage_requirements<boost::RandomAccessIterator<<1>>>>,boost::concepts::requirement<boost::concepts::failed ************usage_requirements::************>> at File /usr/include/boost/concept/detail/general.hpp line 56
  While instantiating struct boost::concepts::not_satisfied<boost::concepts::usage_requirements<boost::RandomAccessIterator<<1>>>> at File /usr/include/boost/mpl/if.hpp line 63
"/usr/include/boost/concept/detail/has_constraints.hpp"44 3 Error 1015: Symbol 'constraints' not found in class
"/usr/include/boost/mpl/if.hpp"63 1 Info 831: Reference cited in prior message
"/usr/include/boost/concept_check.hpp"604 1 Info 831: Reference cited in prior message
"/usr/include/boost/concept/detail/general.hpp"56 1 Info 831: Reference cited in prior message

"/usr/include/boost/concept/detail/has_constraints.hpp"44 3 Error 1013: Symbol 'constraints' not a member of class 'usage_requirements'

  While instantiating struct boost::concepts::requirement_<void (*)(boost::concepts::usage_requirements<boost::Mutable_RandomAccessIterator<<1>>>)> at File /usr/include/boost/concept_check.hpp line 629
  While instantiating struct boost::mpl::if_<boost::concepts::not_satisfied<boost::concepts::usage_requirements<boost::Mutable_RandomAccessIterator<<1>>>>,boost::concepts::constraint<boost::concepts::usage_requirements<boost::Mutable_RandomAccessIterator<<1>>>>,boost::concepts::requirement<boost::concepts::failed ************usage_requirements::************>> at File /usr/include/boost/concept/detail/general.hpp line 56
  While instantiating struct boost::concepts::not_satisfied<boost::concepts::usage_requirements<boost::Mutable_RandomAccessIterator<<1>>>> at File /usr/include/boost/mpl/if.hpp line 63
"/usr/include/boost/concept/detail/has_constraints.hpp"44 3 Error 1015: Symbol 'constraints' not found in class
"/usr/include/boost/mpl/if.hpp"63 1 Info 831: Reference cited in prior message
"/usr/include/boost/concept_check.hpp"629 1 Info 831: Reference cited in prior message
"/usr/include/boost/concept/detail/general.hpp"56 1 Info 831: Reference cited in prior message

"/usr/include/boost/concept/detail/has_constraints.hpp"44 3 Error 1013: Symbol 'constraints' not a member of class 'usage_requirements'

  While instantiating struct boost::concepts::requirement_<void (*)(boost::concepts::usage_requirements<boost::Container<<1>>>)> at File /usr/include/boost/concept_check.hpp line 651
  While instantiating struct boost::mpl::if_<boost::concepts::not_satisfied<boost::concepts::usage_requirements<boost::Container<<1>>>>,boost::concepts::constraint<boost::concepts::usage_requirements<boost::Container<<1>>>>,boost::concepts::requirement<boost::concepts::failed ************usage_requirements::************>> at File /usr/include/boost/concept/detail/general.hpp line 56
  While instantiating struct boost::concepts::not_satisfied<boost::concepts::usage_requirements<boost::Container<<1>>>> at File /usr/include/boost/mpl/if.hpp line 63
"/usr/include/boost/concept/detail/has_constraints.hpp"44 3 Error 1015: Symbol 'constraints' not found in class
"/usr/include/boost/mpl/if.hpp"63 1 Info 831: Reference cited in prior message
"/usr/include/boost/concept_check.hpp"651 1 Info 831: Reference cited in prior message
"/usr/include/boost/concept/detail/general.hpp"56 1 Info 831: Reference cited in prior message

"/usr/include/boost/concept/detail/has_constraints.hpp"44 3 Error 1013: Symbol 'constraints' not a member of class 'usage_requirements'

  While instantiating struct boost::concepts::requirement_<void (*)(boost::concepts::usage_requirements<boost::Mutable_Container<<1>>>)> at File /usr/include/boost/concept_check.hpp line 678
  While instantiating struct boost::mpl::if_<boost::concepts::not_satisfied<boost::concepts::usage_requirements<boost::Mutable_Container<<1>>>>,boost::concepts::constraint<boost::concepts::usage_requirements<boost::Mutable_Container<<1>>>>,boost::concepts::requirement<boost::concepts::failed ************usage_requirements::************>> at File /usr/include/boost/concept/detail/general.hpp line 56
  While instantiating struct boost::concepts::not_satisfied<boost::concepts::usage_requirements<boost::Mutable_Container<<1>>>> at File /usr/include/boost/mpl/if.hpp line 63
"/usr/include/boost/concept/detail/has_constraints.hpp"44 3 Error 1015: Symbol 'constraints' not found in class
"/usr/include/boost/mpl/if.hpp"63 1 Info 831: Reference cited in prior message
"/usr/include/boost/concept_check.hpp"678 1 Info 831: Reference cited in prior message
"/usr/include/boost/concept/detail/general.hpp"56 1 Info 831: Reference cited in prior message

"/usr/include/boost/concept/detail/has_constraints.hpp"44 3 Error 1013: Symbol 'constraints' not a member of class 'usage_requirements'

  While instantiating struct boost::concepts::requirement_<void (*)(boost::concepts::usage_requirements<boost::ForwardContainer<<1>>>)> at File /usr/include/boost/concept_check.hpp line 698
  While instantiating struct boost::mpl::if_<boost::concepts::not_satisfied<boost::concepts::usage_requirements<boost::ForwardContainer<<1>>>>,boost::concepts::constraint<boost::concepts::usage_requirements<boost::ForwardContainer<<1>>>>,boost::concepts::requirement<boost::concepts::failed ************usage_requirements::************>> at File /usr/include/boost/concept/detail/general.hpp line 56
  While instantiating struct boost::concepts::not_satisfied<boost::concepts::usage_requirements<boost::ForwardContainer<<1>>>> at File /usr/include/boost/mpl/if.hpp line 63
"/usr/include/boost/concept/detail/has_constraints.hpp"44 3 Error 1015: Symbol 'constraints' not found in class
"/usr/include/boost/mpl/if.hpp"63 1 Info 831: Reference cited in prior message
"/usr/include/boost/concept_check.hpp"698 1 Info 831: Reference cited in prior message
"/usr/include/boost/concept/detail/general.hpp"56 1 Info 831: Reference cited in prior message

"/usr/include/boost/concept/detail/has_constraints.hpp"44 3 Error 1013: Symbol 'constraints' not a member of class 'usage_requirements'

  While instantiating struct boost::concepts::requirement_<void (*)(boost::concepts::usage_requirements<boost::Mutable_ForwardContainer<<1>>>)> at File /usr/include/boost/concept_check.hpp line 711
  While instantiating struct boost::mpl::if_<boost::concepts::not_satisfied<boost::concepts::usage_requirements<boost::Mutable_ForwardContainer<<1>>>>,boost::concepts::constraint<boost::concepts::usage_requirements<boost::Mutable_ForwardContainer<<1>>>>,boost::concepts::requirement<boost::concepts::failed ************usage_requirements::************>> at File /usr/include/boost/concept/detail/general.hpp line 56
  While instantiating struct boost::concepts::not_satisfied<boost::concepts::usage_requirements<boost::Mutable_ForwardContainer<<1>>>> at File /usr/include/boost/mpl/if.hpp line 63
"/usr/include/boost/concept/detail/has_constraints.hpp"44 3 Error 1015: Symbol 'constraints' not found in class
"/usr/include/boost/mpl/if.hpp"63 1 Info 831: Reference cited in prior message
"/usr/include/boost/concept_check.hpp"711 1 Info 831: Reference cited in prior message
"/usr/include/boost/concept/detail/general.hpp"56 1 Info 831: Reference cited in prior message

"/usr/include/boost/concept/detail/has_constraints.hpp"44 3 Error 1013: Symbol 'constraints' not a member of class 'usage_requirements'

  While instantiating struct boost::concepts::requirement_<void (*)(boost::concepts::usage_requirements<boost::ReversibleContainer<<1>>>)> at File /usr/include/boost/concept_check.hpp line 727
  While instantiating struct boost::mpl::if_<boost::concepts::not_satisfied<boost::concepts::usage_requirements<boost::ReversibleContainer<<1>>>>,boost::concepts::constraint<boost::concepts::usage_requirements<boost::ReversibleContainer<<1>>>>,boost::concepts::requirement<boost::concepts::failed ************usage_requirements::************>> at File /usr/include/boost/concept/detail/general.hpp line 56
  While instantiating struct boost::concepts::not_satisfied<boost::concepts::usage_requirements<boost::ReversibleContainer<<1>>>> at File /usr/include/boost/mpl/if.hpp line 63
"/usr/include/boost/concept/detail/has_constraints.hpp"44 3 Error 1015: Symbol 'constraints' not found in class
"/usr/include/boost/mpl/if.hpp"63 1 Info 831: Reference cited in prior message
"/usr/include/boost/concept_check.hpp"727 1 Info 831: Reference cited in prior message
"/usr/include/boost/concept/detail/general.hpp"56 1 Info 831: Reference cited in prior message

"/usr/include/boost/concept/detail/has_constraints.hpp"44 3 Error 1013: Symbol 'constraints' not a member of class 'usage_requirements'

  While instantiating struct boost::concepts::requirement_<void (*)(boost::concepts::usage_requirements<boost::Mutable_ReversibleContainer<<1>>>)> at File /usr/include/boost/concept_check.hpp line 752
  While instantiating struct boost::mpl::if_<boost::concepts::not_satisfied<boost::concepts::usage_requirements<boost::Mutable_ReversibleContainer<<1>>>>,boost::concepts::constraint<boost::concepts::usage_requirements<boost::Mutable_ReversibleContainer<<1>>>>,boost::concepts::requirement<boost::concepts::failed ************usage_requirements::************>> at File /usr/include/boost/concept/detail/general.hpp line 56
  While instantiating struct boost::concepts::not_satisfied<boost::concepts::usage_requirements<boost::Mutable_ReversibleContainer<<1>>>> at File /usr/include/boost/mpl/if.hpp line 63
"/usr/include/boost/concept/detail/has_constraints.hpp"44 3 Error 1015: Symbol 'constraints' not found in class
"/usr/include/boost/mpl/if.hpp"63 1 Info 831: Reference cited in prior message
"/usr/include/boost/concept_check.hpp"752 1 Info 831: Reference cited in prior message
"/usr/include/boost/concept/detail/general.hpp"56 1 Info 831: Reference cited in prior message

"/usr/include/boost/concept/detail/has_constraints.hpp"44 3 Error 1013: Symbol 'constraints' not a member of class 'usage_requirements'

  While instantiating struct boost::concepts::requirement_<void (*)(boost::concepts::usage_requirements<boost::RandomAccessContainer<<1>>>)> at File /usr/include/boost/concept_check.hpp line 771
  While instantiating struct boost::mpl::if_<boost::concepts::not_satisfied<boost::concepts::usage_requirements<boost::RandomAccessContainer<<1>>>>,boost::concepts::constraint<boost::concepts::usage_requirements<boost::RandomAccessContainer<<1>>>>,boost::concepts::requirement<boost::concepts::failed ************usage_requirements::************>> at File /usr/include/boost/concept/detail/general.hpp line 56
  While instantiating struct boost::concepts::not_satisfied<boost::concepts::usage_requirements<boost::RandomAccessContainer<<1>>>> at File /usr/include/boost/mpl/if.hpp line 63
"/usr/include/boost/concept/detail/has_constraints.hpp"44 3 Error 1015: Symbol 'constraints' not found in class
"/usr/include/boost/mpl/if.hpp"63 1 Info 831: Reference cited in prior message
"/usr/include/boost/concept_check.hpp"771 1 Info 831: Reference cited in prior message
"/usr/include/boost/concept/detail/general.hpp"56 1 Info 831: Reference cited in prior message

"/usr/include/boost/concept/detail/has_constraints.hpp"44 3 Error 1013: Symbol 'constraints' not a member of class 'usage_requirements'

  While instantiating struct boost::concepts::requirement_<void (*)(boost::concepts::usage_requirements<boost::Mutable_RandomAccessContainer<<1>>>)> at File /usr/include/boost/concept_check.hpp line 798
  While instantiating struct boost::mpl::if_<boost::concepts::not_satisfied<boost::concepts::usage_requirements<boost::Mutable_RandomAccessContainer<<1>>>>,boost::concepts::constraint<boost::concepts::usage_requirements<boost::Mutable_RandomAccessContainer<<1>>>>,boost::concepts::requirement<boost::concepts::failed ************usage_requirements::************>> at File /usr/include/boost/concept/detail/general.hpp line 56
  While instantiating struct boost::concepts::not_satisfied<boost::concepts::usage_requirements<boost::Mutable_RandomAccessContainer<<1>>>> at File /usr/include/boost/mpl/if.hpp line 63
"/usr/include/boost/concept/detail/has_constraints.hpp"44 3 Error 1015: Symbol 'constraints' not found in class
"/usr/include/boost/mpl/if.hpp"63 1 Info 831: Reference cited in prior message
"/usr/include/boost/concept_check.hpp"798 1 Info 831: Reference cited in prior message
"/usr/include/boost/concept/detail/general.hpp"56 1 Info 831: Reference cited in prior message

"/usr/include/boost/concept/detail/has_constraints.hpp"44 3 Error 1013: Symbol 'constraints' not a member of class 'usage_requirements'

  While instantiating struct boost::concepts::requirement_<void (*)(boost::concepts::usage_requirements<boost::Sequence<<1>>>)> at File /usr/include/boost/concept_check.hpp line 820
  While instantiating struct boost::mpl::if_<boost::concepts::not_satisfied<boost::concepts::usage_requirements<boost::Sequence<<1>>>>,boost::concepts::constraint<boost::concepts::usage_requirements<boost::Sequence<<1>>>>,boost::concepts::requirement<boost::concepts::failed ************usage_requirements::************>> at File /usr/include/boost/concept/detail/general.hpp line 56
  While instantiating struct boost::concepts::not_satisfied<boost::concepts::usage_requirements<boost::Sequence<<1>>>> at File /usr/include/boost/mpl/if.hpp line 63
"/usr/include/boost/concept/detail/has_constraints.hpp"44 3 Error 1015: Symbol 'constraints' not found in class
"/usr/include/boost/mpl/if.hpp"63 1 Info 831: Reference cited in prior message
"/usr/include/boost/concept_check.hpp"820 1 Info 831: Reference cited in prior message
"/usr/include/boost/concept/detail/general.hpp"56 1 Info 831: Reference cited in prior message

"/usr/include/boost/concept/detail/has_constraints.hpp"44 3 Error 1013: Symbol 'constraints' not a member of class 'usage_requirements'

  While instantiating struct boost::concepts::requirement_<void (*)(boost::concepts::usage_requirements<boost::FrontInsertionSequence<<1>>>)> at File /usr/include/boost/concept_check.hpp line 857
  While instantiating struct boost::mpl::if_<boost::concepts::not_satisfied<boost::concepts::usage_requirements<boost::FrontInsertionSequence<<1>>>>,boost::concepts::constraint<boost::concepts::usage_requirements<boost::FrontInsertionSequence<<1>>>>,boost::concepts::requirement<boost::concepts::failed ************usage_requirements::************>> at File /usr/include/boost/concept/detail/general.hpp line 56
  While instantiating struct boost::concepts::not_satisfied<boost::concepts::usage_requirements<boost::FrontInsertionSequence<<1>>>> at File /usr/include/boost/mpl/if.hpp line 63
"/usr/include/boost/concept/detail/has_constraints.hpp"44 3 Error 1015: Symbol 'constraints' not found in class
"/usr/include/boost/mpl/if.hpp"63 1 Info 831: Reference cited in prior message
"/usr/include/boost/concept_check.hpp"857 1 Info 831: Reference cited in prior message
"/usr/include/boost/concept/detail/general.hpp"56 1 Info 831: Reference cited in prior message

"/usr/include/boost/concept/detail/has_constraints.hpp"44 3 Error 1013: Symbol 'constraints' not a member of class 'usage_requirements'

  While instantiating struct boost::concepts::requirement_<void (*)(boost::concepts::usage_requirements<boost::BackInsertionSequence<<1>>>)> at File /usr/include/boost/concept_check.hpp line 870
  While instantiating struct boost::mpl::if_<boost::concepts::not_satisfied<boost::concepts::usage_requirements<boost::BackInsertionSequence<<1>>>>,boost::concepts::constraint<boost::concepts::usage_requirements<boost::BackInsertionSequence<<1>>>>,boost::concepts::requirement<boost::concepts::failed ************usage_requirements::************>> at File /usr/include/boost/concept/detail/general.hpp line 56
  While instantiating struct boost::concepts::not_satisfied<boost::concepts::usage_requirements<boost::BackInsertionSequence<<1>>>> at File /usr/include/boost/mpl/if.hpp line 63
"/usr/include/boost/concept/detail/has_constraints.hpp"44 3 Error 1015: Symbol 'constraints' not found in class
"/usr/include/boost/mpl/if.hpp"63 1 Info 831: Reference cited in prior message
"/usr/include/boost/concept_check.hpp"870 1 Info 831: Reference cited in prior message
"/usr/include/boost/concept/detail/general.hpp"56 1 Info 831: Reference cited in prior message

"/usr/include/boost/concept/detail/has_constraints.hpp"44 3 Error 1013: Symbol 'constraints' not a member of class 'usage_requirements'

  While instantiating struct boost::concepts::requirement_<void (*)(boost::concepts::usage_requirements<boost::AssociativeContainer<<1>>>)> at File /usr/include/boost/concept_check.hpp line 897
  While instantiating struct boost::mpl::if_<boost::concepts::not_satisfied<boost::concepts::usage_requirements<boost::AssociativeContainer<<1>>>>,boost::concepts::constraint<boost::concepts::usage_requirements<boost::AssociativeContainer<<1>>>>,boost::concepts::requirement<boost::concepts::failed ************usage_requirements::************>> at File /usr/include/boost/concept/detail/general.hpp line 56
  While instantiating struct boost::concepts::not_satisfied<boost::concepts::usage_requirements<boost::AssociativeContainer<<1>>>> at File /usr/include/boost/mpl/if.hpp line 63
"/usr/include/boost/concept/detail/has_constraints.hpp"44 3 Error 1015: Symbol 'constraints' not found in class
"/usr/include/boost/mpl/if.hpp"63 1 Info 831: Reference cited in prior message
"/usr/include/boost/concept_check.hpp"897 1 Info 831: Reference cited in prior message
"/usr/include/boost/concept/detail/general.hpp"56 1 Info 831: Reference cited in prior message

"/usr/include/boost/concept/detail/has_constraints.hpp"44 3 Error 1013: Symbol 'constraints' not a member of class 'usage_requirements'

  While instantiating struct boost::concepts::requirement_<void (*)(boost::concepts::usage_requirements<boost::UniqueAssociativeContainer<<1>>>)> at File /usr/include/boost/concept_check.hpp line 933
  While instantiating struct boost::mpl::if_<boost::concepts::not_satisfied<boost::concepts::usage_requirements<boost::UniqueAssociativeContainer<<1>>>>,boost::concepts::constraint<boost::concepts::usage_requirements<boost::UniqueAssociativeContainer<<1>>>>,boost::concepts::requirement<boost::concepts::failed ************usage_requirements::************>> at File /usr/include/boost/concept/detail/general.hpp line 56
  While instantiating struct boost::concepts::not_satisfied<boost::concepts::usage_requirements<boost::UniqueAssociativeContainer<<1>>>> at File /usr/include/boost/mpl/if.hpp line 63
"/usr/include/boost/concept/detail/has_constraints.hpp"44 3 Error 1015: Symbol 'constraints' not found in class
"/usr/include/boost/mpl/if.hpp"63 1 Info 831: Reference cited in prior message
"/usr/include/boost/concept_check.hpp"933 1 Info 831: Reference cited in prior message
"/usr/include/boost/concept/detail/general.hpp"56 1 Info 831: Reference cited in prior message

"/usr/include/boost/concept/detail/has_constraints.hpp"44 3 Error 1013: Symbol 'constraints' not a member of class 'usage_requirements'

  While instantiating struct boost::concepts::requirement_<void (*)(boost::concepts::usage_requirements<boost::MultipleAssociativeContainer<<1>>>)> at File /usr/include/boost/concept_check.hpp line 951
  While instantiating struct boost::mpl::if_<boost::concepts::not_satisfied<boost::concepts::usage_requirements<boost::MultipleAssociativeContainer<<1>>>>,boost::concepts::constraint<boost::concepts::usage_requirements<boost::MultipleAssociativeContainer<<1>>>>,boost::concepts::requirement<boost::concepts::failed ************usage_requirements::************>> at File /usr/include/boost/concept/detail/general.hpp line 56
  While instantiating struct boost::concepts::not_satisfied<boost::concepts::usage_requirements<boost::MultipleAssociativeContainer<<1>>>> at File /usr/include/boost/mpl/if.hpp line 63
"/usr/include/boost/concept/detail/has_constraints.hpp"44 3 Error 1015: Symbol 'constraints' not found in class
"/usr/include/boost/mpl/if.hpp"63 1 Info 831: Reference cited in prior message
"/usr/include/boost/concept_check.hpp"951 1 Info 831: Reference cited in prior message
"/usr/include/boost/concept/detail/general.hpp"56 1 Info 831: Reference cited in prior message

"/usr/include/boost/concept/detail/has_constraints.hpp"44 3 Error 1013: Symbol 'constraints' not a member of class 'usage_requirements'

  While instantiating struct boost::concepts::requirement_<void (*)(boost::concepts::usage_requirements<boost::SimpleAssociativeContainer<<1>>>)> at File /usr/include/boost/concept_check.hpp line 970
  While instantiating struct boost::mpl::if_<boost::concepts::not_satisfied<boost::concepts::usage_requirements<boost::SimpleAssociativeContainer<<1>>>>,boost::concepts::constraint<boost::concepts::usage_requirements<boost::SimpleAssociativeContainer<<1>>>>,boost::concepts::requirement<boost::concepts::failed ************usage_requirements::************>> at File /usr/include/boost/concept/detail/general.hpp line 56
  While instantiating struct boost::concepts::not_satisfied<boost::concepts::usage_requirements<boost::SimpleAssociativeContainer<<1>>>> at File /usr/include/boost/mpl/if.hpp line 63
"/usr/include/boost/concept/detail/has_constraints.hpp"44 3 Error 1015: Symbol 'constraints' not found in class
"/usr/include/boost/mpl/if.hpp"63 1 Info 831: Reference cited in prior message
"/usr/include/boost/concept_check.hpp"970 1 Info 831: Reference cited in prior message
"/usr/include/boost/concept/detail/general.hpp"56 1 Info 831: Reference cited in prior message

"/usr/include/boost/concept/detail/has_constraints.hpp"44 3 Error 1013: Symbol 'constraints' not a member of class 'usage_requirements'

  While instantiating struct boost::concepts::requirement_<void (*)(boost::concepts::usage_requirements<boost::PairAssociativeContainer<<1>>>)> at File /usr/include/boost/concept_check.hpp line 981
  While instantiating struct boost::mpl::if_<boost::concepts::not_satisfied<boost::concepts::usage_requirements<boost::PairAssociativeContainer<<1>>>>,boost::concepts::constraint<boost::concepts::usage_requirements<boost::PairAssociativeContainer<<1>>>>,boost::concepts::requirement<boost::concepts::failed ************usage_requirements::************>> at File /usr/include/boost/concept/detail/general.hpp line 56
  While instantiating struct boost::concepts::not_satisfied<boost::concepts::usage_requirements<boost::PairAssociativeContainer<<1>>>> at File /usr/include/boost/mpl/if.hpp line 63
"/usr/include/boost/concept/detail/has_constraints.hpp"44 3 Error 1015: Symbol 'constraints' not found in class
"/usr/include/boost/mpl/if.hpp"63 1 Info 831: Reference cited in prior message
"/usr/include/boost/concept_check.hpp"981 1 Info 831: Reference cited in prior message
"/usr/include/boost/concept/detail/general.hpp"56 1 Info 831: Reference cited in prior message

"/usr/include/boost/concept/detail/has_constraints.hpp"44 3 Error 1013: Symbol 'constraints' not a member of class 'usage_requirements'

  While instantiating struct boost::concepts::requirement_<void (*)(boost::concepts::usage_requirements<boost::SortedAssociativeContainer<<1>>>)> at File /usr/include/boost/concept_check.hpp line 995
  While instantiating struct boost::mpl::if_<boost::concepts::not_satisfied<boost::concepts::usage_requirements<boost::SortedAssociativeContainer<<1>>>>,boost::concepts::constraint<boost::concepts::usage_requirements<boost::SortedAssociativeContainer<<1>>>>,boost::concepts::requirement<boost::concepts::failed ************usage_requirements::************>> at File /usr/include/boost/concept/detail/general.hpp line 56
  While instantiating struct boost::concepts::not_satisfied<boost::concepts::usage_requirements<boost::SortedAssociativeContainer<<1>>>> at File /usr/include/boost/mpl/if.hpp line 63
"/usr/include/boost/concept/detail/has_constraints.hpp"44 3 Error 1015: Symbol 'constraints' not found in class
"/usr/include/boost/mpl/if.hpp"63 1 Info 831: Reference cited in prior message
"/usr/include/boost/concept_check.hpp"995 1 Info 831: Reference cited in prior message
"/usr/include/boost/concept/detail/general.hpp"56 1 Info 831: Reference cited in prior message

"/usr/include/boost/concept/detail/has_constraints.hpp"44 3 Error 1013: Symbol 'constraints' not a member of class 'usage_requirements'

  While instantiating struct boost::concepts::requirement_<void (*)(boost::concepts::usage_requirements<boost::Collection<<1>>>)> at File /usr/include/boost/concept_check.hpp line 1044
  While instantiating struct boost::mpl::if_<boost::concepts::not_satisfied<boost::concepts::usage_requirements<boost::Collection<<1>>>>,boost::concepts::constraint<boost::concepts::usage_requirements<boost::Collection<<1>>>>,boost::concepts::requirement<boost::concepts::failed ************usage_requirements::************>> at File /usr/include/boost/concept/detail/general.hpp line 56
  While instantiating struct boost::concepts::not_satisfied<boost::concepts::usage_requirements<boost::Collection<<1>>>> at File /usr/include/boost/mpl/if.hpp line 63
"/usr/include/boost/concept/detail/has_constraints.hpp"44 3 Error 1015: Symbol 'constraints' not found in class
"/usr/include/boost/mpl/if.hpp"63 1 Info 831: Reference cited in prior message
"/usr/include/boost/concept_check.hpp"1044 1 Info 831: Reference cited in prior message
"/usr/include/boost/concept/detail/general.hpp"56 1 Info 831: Reference cited in prior message

"/usr/include/boost/concept/detail/has_constraints.hpp"44 3 Error 1013: Symbol 'constraints' not a member of class 'usage_requirements'
"/usr/include/c++/4.8/limits"1405 27 Error 40: Undeclared identifier '__int128'
"/usr/include/c++/4.8/limits"1405 27 Error 1054: template variable declaration expects a type, int assumed
"/usr/include/c++/4.8/limits"1406 27 Error 39: Redefinition of symbol 'std::numeric_limits<int>' conflicts with line 982
"/usr/include/c++/4.8/limits"982 1 Info 830: Location cited in prior message
"/usr/include/c++/4.8/limits"1410 7 Error 10: Expecting ';'
"/usr/include/c++/4.8/limits"1479 36 Error 151: Token '__int128' inconsistent with abstract type
"/usr/include/c++/4.8/limits"1480 36 Error 39: Redefinition of symbol 'std::numeric_limits<unsigned int>' conflicts with line 1049
"/usr/include/c++/4.8/limits"1049 1 Info 830: Location cited in prior message
"/usr/include/c++/4.8/limits"1484 7 Error 10: Expecting ';'
"/home/snikulov/work/vidstream/src/channel/src/jpeg_stream_parser.cpp"5 1 Note 1926: Symbol 'jpeg_stream_parser::workq_'s default constructor implicitly called -- Effective C++ #12
"/home/snikulov/work/vidstream/src/channel/src/jpeg_stream_parser.cpp"5 1 Note 1926: Symbol 'jpeg_stream_parser::jpegs_'s default constructor implicitly called -- Effective C++ #12
"/home/snikulov/work/vidstream/src/channel/src/jpeg_stream_parser.cpp"5 1 Note 1926: Symbol 'jpeg_stream_parser::cbuff's default constructor implicitly called -- Effective C++ #12
"/home/snikulov/work/vidstream/src/channel/src/jpeg_stream_parser.cpp"31 48 Info 1702: operator 'operator+' is both an ordinary function 'std::operator+(std::reverse_iterator<<1>>::difference_type, const std::reverse_iterator<<1>> &)' and a member function 'std::_Deque_iterator<unsigned char,unsigned char &,unsigned char *>::operator+(long) const'
"/home/snikulov/work/vidstream/src/channel/src/jpeg_stream_parser.cpp"31 48 Info 713: Loss of precision (arg. no. 1) (unsigned long to long)
"/home/snikulov/work/vidstream/src/channel/src/jpeg_stream_parser.cpp"31 48 Info 1702: operator 'operator+' is both an ordinary function 'std::operator+(std::reverse_iterator<<1>>::difference_type, const std::reverse_iterator<<1>> &)' and a member function 'std::_Deque_iterator<unsigned char,unsigned char &,unsigned char *>::operator+(long) const'
"/home/snikulov/work/vidstream/src/channel/src/jpeg_stream_parser.cpp"31 48 Info 713: Loss of precision (arg. no. 1) (unsigned long to long)
"/home/snikulov/work/vidstream/src/channel/src/jpeg_stream_parser.cpp"31 49 Warning 534: Ignoring return value of function 'std::deque<unsigned char>::erase(std::_Deque_iterator<unsigned char,unsigned char &,unsigned char *>, std::_Deque_iterator<unsigned char,unsigned char &,unsigned char *>)' (compare with line 1584, file /usr/include/c++/4.8/bits/stl_deque.h)
"/usr/include/c++/4.8/bits/stl_deque.h"1584 1 Info 830: Location cited in prior message
"/home/snikulov/work/vidstream/src/channel/src/jpeg_stream_parser.cpp"39 1 Note 953: Variable 'l' (line 11) could be declared as const --- Eff. C++ 3rd Ed. item 3
"/home/snikulov/work/vidstream/src/channel/src/jpeg_stream_parser.cpp"11 1 Info 830: Location cited in prior message

/// Start of Pass 2 ///

--- Module:   /home/snikulov/work/vidstream/src/channel/src/jpeg_stream_parser.cpp (C++)

Count   Type    Number  Text

5       Error   10      Expecting ___
2       Error   19      Useless Declaration
10      Error   39      Redefinition of symbol '___' ___
9       Error   40      Undeclared identifier '___'
4       Error   129     declaration expected, identifier '___' ignored
1       Error   151     Token '___' inconsistent with abstract type
55      Error   1013    Symbol '___' not a member of class '___'
55      Error   1015    Symbol '___' not found in class
9       Error   1054    template variable declaration expects a type, int assumed
1       Warning 534     Ignoring return value of function '___' (compare with ___)
2       Info    713     Loss of precision (___) (___ to ___)
2       Info    1702    operator '___' is both an ordinary function '___' and a member function '___'
1       Note    953     Variable '___' (___) could be declared as const
3       Note    1926    Symbol '___'s default constructor implicitly called
